// Jest Snapshot v1, https://goo.gl/fbAQLP

exports[`ChangeHomeRoute render 1`] = `
<EuiFlexGroup
  alignItems="center"
  className="homPageFooter"
  gutterSize="s"
  justifyContent="spaceBetween"
>
  <EuiFlexItem
    grow={1}
  >
    <EuiFlexGroup
      alignItems="center"
      className="homPageFooter__mainAction"
      gutterSize="s"
      responsive={false}
    >
      <EuiFlexItem
        grow={false}
      >
        <EuiText
          color="subdued"
          size="s"
        >
          <p>
            <FormattedMessage
              defaultMessage="Would you prefer an alternate landing page? "
              id="home.changeHomeRouteText"
              values={Object {}}
            />
          </p>
        </EuiText>
      </EuiFlexItem>
      <EuiFlexItem
        grow={false}
      >
        <EuiButtonEmpty
          iconType="home"
          onClick={[Function]}
          size="xs"
        >
          <FormattedMessage
            defaultMessage="Change the landing page for this space"
            id="home.changeHomeRouteLink"
            values={Object {}}
          />
        </EuiButtonEmpty>
      </EuiFlexItem>
    </EuiFlexGroup>
  </EuiFlexItem>
  <EuiFlexItem
    grow={false}
  >
    <EuiButtonEmpty
      flush="right"
      href="#/feature_directory"
      iconType="apps"
      size="xs"
    >
      <FormattedMessage
        defaultMessage="View app directory"
        id="home.appDirectory.appDirectoryButtonLabel"
        values={Object {}}
      />
    </EuiButtonEmpty>
  </EuiFlexItem>
</EuiFlexGroup>
`;
