// Jest Snapshot v1, https://goo.gl/fbAQLP

exports[`home directories should not render directory entry when showOnHomePage is false 1`] = `
<div
  className="homPageContainer"
>
  <div
    className="homPageHeaderContainer"
  >
    <header
      className="homPageHeader"
    >
      <EuiFlexGroup
        gutterSize="none"
      >
        <EuiFlexItem
          className="homPageHeader__title"
        >
          <EuiTitle
            size="m"
          >
            <h1>
              <FormattedMessage
                defaultMessage="Welcome to {ELASTIC}!"
                id="home.pageHeader.welcomeNoUserTitle"
                values={
                  Object {
                    "ELASTIC": "Elastic",
                  }
                }
              />
            </h1>
          </EuiTitle>
        </EuiFlexItem>
        <EuiFlexItem
          grow={false}
        >
          <EuiFlexGroup
            alignItems="flexEnd"
            className="homPageHeader__menu"
          >
            <EuiFlexItem
              className="homPageHeader__menuItem"
            >
              <EuiButtonEmpty
                href="#/tutorial_directory"
                iconType="plusInCircle"
              >
                Add data
              </EuiButtonEmpty>
            </EuiFlexItem>
          </EuiFlexGroup>
        </EuiFlexItem>
      </EuiFlexGroup>
    </header>
  </div>
  <div
    className="homPageMainContainer"
  >
    <main
      className="homPageMain"
      data-test-subj="homeApp"
    >
      <SolutionsPanel
        addBasePath={[Function]}
        findDirectoryById={[Function]}
      />
      <div
        className="homAddData"
      >
        <EuiFlexGroup
          alignItems="baseline"
          justifyContent="spaceBetween"
          responsive={false}
        >
          <EuiFlexItem
            grow={1}
          >
            <EuiTitle
              size="s"
            >
              <h3>
                Add your data
              </h3>
            </EuiTitle>
          </EuiFlexItem>
        </EuiFlexGroup>
        <EuiSpacer />
        <EuiFlexGroup>
          <EuiFlexItem
            grow={1}
          >
            <EuiFlexGroup
              justifyContent="spaceAround"
            />
          </EuiFlexItem>
        </EuiFlexGroup>
      </div>
      <EuiHorizontalRule
        margin="xl"
      />
      <EuiSpacer
        size="s"
      />
      <div
        className="homManageData"
      >
        <EuiTitle
          size="s"
        >
          <h3>
            Manage your data
          </h3>
        </EuiTitle>
        <EuiSpacer />
        <EuiFlexGroup
          className="homManageData__container"
          justifyContent="spaceAround"
          wrap={true}
        />
      </div>
    </main>
  </div>
</div>
`;

exports[`home directories should render ADMIN directory entry in "Manage" panel 1`] = `
<div
  className="homPageContainer"
>
  <div
    className="homPageHeaderContainer"
  >
    <header
      className="homPageHeader"
    >
      <EuiFlexGroup
        gutterSize="none"
      >
        <EuiFlexItem
          className="homPageHeader__title"
        >
          <EuiTitle
            size="m"
          >
            <h1>
              <FormattedMessage
                defaultMessage="Welcome to {ELASTIC}!"
                id="home.pageHeader.welcomeNoUserTitle"
                values={
                  Object {
                    "ELASTIC": "Elastic",
                  }
                }
              />
            </h1>
          </EuiTitle>
        </EuiFlexItem>
        <EuiFlexItem
          grow={false}
        >
          <EuiFlexGroup
            alignItems="flexEnd"
            className="homPageHeader__menu"
          >
            <EuiFlexItem
              className="homPageHeader__menuItem"
            >
              <EuiButtonEmpty
                href="#/tutorial_directory"
                iconType="plusInCircle"
              >
                Add data
              </EuiButtonEmpty>
            </EuiFlexItem>
          </EuiFlexGroup>
        </EuiFlexItem>
      </EuiFlexGroup>
    </header>
  </div>
  <div
    className="homPageMainContainer"
  >
    <main
      className="homPageMain"
      data-test-subj="homeApp"
    >
      <SolutionsPanel
        addBasePath={[Function]}
        findDirectoryById={[Function]}
      />
      <div
        className="homAddData"
      >
        <EuiFlexGroup
          alignItems="baseline"
          justifyContent="spaceBetween"
          responsive={false}
        >
          <EuiFlexItem
            grow={1}
          >
            <EuiTitle
              size="s"
            >
              <h3>
                Add your data
              </h3>
            </EuiTitle>
          </EuiFlexItem>
        </EuiFlexGroup>
        <EuiSpacer />
        <EuiFlexGroup>
          <EuiFlexItem
            grow={1}
          >
            <EuiFlexGroup
              justifyContent="spaceAround"
            />
          </EuiFlexItem>
        </EuiFlexGroup>
      </div>
      <EuiHorizontalRule
        margin="xl"
      />
      <EuiSpacer
        size="s"
      />
      <div
        className="homManageData"
      >
        <EuiTitle
          size="s"
        >
          <h3>
            Manage your data
          </h3>
        </EuiTitle>
        <EuiSpacer />
        <EuiFlexGroup
          className="homManageData__container"
          justifyContent="spaceAround"
          wrap={true}
        />
      </div>
    </main>
  </div>
</div>
`;

exports[`home directories should render DATA directory entry in "Explore Data" panel 1`] = `
<div
  className="homPageContainer"
>
  <div
    className="homPageHeaderContainer"
  >
    <header
      className="homPageHeader"
    >
      <EuiFlexGroup
        gutterSize="none"
      >
        <EuiFlexItem
          className="homPageHeader__title"
        >
          <EuiTitle
            size="m"
          >
            <h1>
              <FormattedMessage
                defaultMessage="Welcome to {ELASTIC}!"
                id="home.pageHeader.welcomeNoUserTitle"
                values={
                  Object {
                    "ELASTIC": "Elastic",
                  }
                }
              />
            </h1>
          </EuiTitle>
        </EuiFlexItem>
        <EuiFlexItem
          grow={false}
        >
          <EuiFlexGroup
            alignItems="flexEnd"
            className="homPageHeader__menu"
          >
            <EuiFlexItem
              className="homPageHeader__menuItem"
            >
              <EuiButtonEmpty
                href="#/tutorial_directory"
                iconType="plusInCircle"
              >
                Add data
              </EuiButtonEmpty>
            </EuiFlexItem>
          </EuiFlexGroup>
        </EuiFlexItem>
      </EuiFlexGroup>
    </header>
  </div>
  <div
    className="homPageMainContainer"
  >
    <main
      className="homPageMain"
      data-test-subj="homeApp"
    >
      <SolutionsPanel
        addBasePath={[Function]}
        findDirectoryById={[Function]}
      />
      <div
        className="homAddData"
      >
        <EuiFlexGroup
          alignItems="baseline"
          justifyContent="spaceBetween"
          responsive={false}
        >
          <EuiFlexItem
            grow={1}
          >
            <EuiTitle
              size="s"
            >
              <h3>
                Add your data
              </h3>
            </EuiTitle>
          </EuiFlexItem>
        </EuiFlexGroup>
        <EuiSpacer />
        <EuiFlexGroup>
          <EuiFlexItem
            grow={1}
          >
            <EuiFlexGroup
              justifyContent="spaceAround"
            />
          </EuiFlexItem>
        </EuiFlexGroup>
      </div>
      <EuiHorizontalRule
        margin="xl"
      />
      <EuiSpacer
        size="s"
      />
      <div
        className="homManageData"
      >
        <EuiTitle
          size="s"
        >
          <h3>
            Manage your data
          </h3>
        </EuiTitle>
        <EuiSpacer />
        <EuiFlexGroup
          className="homManageData__container"
          justifyContent="spaceAround"
          wrap={true}
        />
      </div>
    </main>
  </div>
</div>
`;

exports[`home isNewKibanaInstance should safely handle execeptions 1`] = `
<div
  className="homPageContainer"
>
  <div
    className="homPageHeaderContainer"
  >
    <header
      className="homPageHeader"
    >
      <EuiFlexGroup
        gutterSize="none"
      >
        <EuiFlexItem
          className="homPageHeader__title"
        >
          <EuiTitle
            size="m"
          >
            <h1>
              <FormattedMessage
                defaultMessage="Welcome to {ELASTIC}!"
                id="home.pageHeader.welcomeNoUserTitle"
                values={
                  Object {
                    "ELASTIC": "Elastic",
                  }
                }
              />
            </h1>
          </EuiTitle>
        </EuiFlexItem>
        <EuiFlexItem
          grow={false}
        >
          <EuiFlexGroup
            alignItems="flexEnd"
            className="homPageHeader__menu"
          >
            <EuiFlexItem
              className="homPageHeader__menuItem"
            >
              <EuiButtonEmpty
                href="#/tutorial_directory"
                iconType="plusInCircle"
              >
                Add data
              </EuiButtonEmpty>
            </EuiFlexItem>
          </EuiFlexGroup>
        </EuiFlexItem>
      </EuiFlexGroup>
    </header>
  </div>
  <div
    className="homPageMainContainer"
  >
    <main
      className="homPageMain"
      data-test-subj="homeApp"
    >
      <SolutionsPanel
        addBasePath={[Function]}
        findDirectoryById={[Function]}
      />
      <div
        className="homAddData"
      >
        <EuiFlexGroup
          alignItems="baseline"
          justifyContent="spaceBetween"
          responsive={false}
        >
          <EuiFlexItem
            grow={1}
          >
            <EuiTitle
              size="s"
            >
              <h3>
                Add your data
              </h3>
            </EuiTitle>
          </EuiFlexItem>
        </EuiFlexGroup>
        <EuiSpacer />
        <EuiFlexGroup>
          <EuiFlexItem
            grow={1}
          >
            <EuiFlexGroup
              justifyContent="spaceAround"
            />
          </EuiFlexItem>
        </EuiFlexGroup>
      </div>
      <EuiHorizontalRule
        margin="xl"
      />
      <EuiSpacer
        size="s"
      />
      <div
        className="homManageData"
      >
        <EuiTitle
          size="s"
        >
          <h3>
            Manage your data
          </h3>
        </EuiTitle>
        <EuiSpacer />
        <EuiFlexGroup
          className="homManageData__container"
          justifyContent="spaceAround"
          wrap={true}
        />
      </div>
    </main>
  </div>
</div>
`;

exports[`home isNewKibanaInstance should set isNewKibanaInstance to false when there are index patterns 1`] = `
<div
  className="homPageContainer"
>
  <div
    className="homPageHeaderContainer"
  >
    <header
      className="homPageHeader"
    >
      <EuiFlexGroup
        gutterSize="none"
      >
        <EuiFlexItem
          className="homPageHeader__title"
        >
          <EuiTitle
            size="m"
          >
            <h1>
              <FormattedMessage
                defaultMessage="Welcome to {ELASTIC}!"
                id="home.pageHeader.welcomeNoUserTitle"
                values={
                  Object {
                    "ELASTIC": "Elastic",
                  }
                }
              />
            </h1>
          </EuiTitle>
        </EuiFlexItem>
        <EuiFlexItem
          grow={false}
        >
          <EuiFlexGroup
            alignItems="flexEnd"
            className="homPageHeader__menu"
          >
            <EuiFlexItem
              className="homPageHeader__menuItem"
            >
              <EuiButtonEmpty
                href="#/tutorial_directory"
                iconType="plusInCircle"
              >
                Add data
              </EuiButtonEmpty>
            </EuiFlexItem>
          </EuiFlexGroup>
        </EuiFlexItem>
      </EuiFlexGroup>
    </header>
  </div>
  <div
    className="homPageMainContainer"
  >
    <main
      className="homPageMain"
      data-test-subj="homeApp"
    >
      <SolutionsPanel
        addBasePath={[Function]}
        findDirectoryById={[Function]}
      />
      <div
        className="homAddData"
      >
        <EuiFlexGroup
          alignItems="baseline"
          justifyContent="spaceBetween"
          responsive={false}
        >
          <EuiFlexItem
            grow={1}
          >
            <EuiTitle
              size="s"
            >
              <h3>
                Add your data
              </h3>
            </EuiTitle>
          </EuiFlexItem>
        </EuiFlexGroup>
        <EuiSpacer />
        <EuiFlexGroup>
          <EuiFlexItem
            grow={1}
          >
            <EuiFlexGroup
              justifyContent="spaceAround"
            />
          </EuiFlexItem>
        </EuiFlexGroup>
      </div>
      <EuiHorizontalRule
        margin="xl"
      />
      <EuiSpacer
        size="s"
      />
      <div
        className="homManageData"
      >
        <EuiTitle
          size="s"
        >
          <h3>
            Manage your data
          </h3>
        </EuiTitle>
        <EuiSpacer />
        <EuiFlexGroup
          className="homManageData__container"
          justifyContent="spaceAround"
          wrap={true}
        />
      </div>
    </main>
  </div>
</div>
`;

exports[`home isNewKibanaInstance should set isNewKibanaInstance to true when there are no index patterns 1`] = `
<div
  className="homPageContainer"
>
  <div
    className="homPageHeaderContainer"
  >
    <header
      className="homPageHeader"
    >
      <EuiFlexGroup
        gutterSize="none"
      >
        <EuiFlexItem
          className="homPageHeader__title"
        >
          <EuiTitle
            size="m"
          >
            <h1>
              <FormattedMessage
                defaultMessage="Welcome to {ELASTIC}!"
                id="home.pageHeader.welcomeNoUserTitle"
                values={
                  Object {
                    "ELASTIC": "Elastic",
                  }
                }
              />
            </h1>
          </EuiTitle>
        </EuiFlexItem>
        <EuiFlexItem
          grow={false}
        >
          <EuiFlexGroup
            alignItems="flexEnd"
            className="homPageHeader__menu"
          >
            <EuiFlexItem
              className="homPageHeader__menuItem"
            >
              <EuiButtonEmpty
                href="#/tutorial_directory"
                iconType="plusInCircle"
              >
                Add data
              </EuiButtonEmpty>
            </EuiFlexItem>
          </EuiFlexGroup>
        </EuiFlexItem>
      </EuiFlexGroup>
    </header>
  </div>
  <div
    className="homPageMainContainer"
  >
    <main
      className="homPageMain"
      data-test-subj="homeApp"
    >
      <SolutionsPanel
        addBasePath={[Function]}
        findDirectoryById={[Function]}
      />
      <div
        className="homAddData"
      >
        <EuiFlexGroup
          alignItems="baseline"
          justifyContent="spaceBetween"
          responsive={false}
        >
          <EuiFlexItem
            grow={1}
          >
            <EuiTitle
              size="s"
            >
              <h3>
                Add your data
              </h3>
            </EuiTitle>
          </EuiFlexItem>
        </EuiFlexGroup>
        <EuiSpacer />
        <EuiFlexGroup>
          <EuiFlexItem
            grow={1}
          >
            <EuiFlexGroup
              justifyContent="spaceAround"
            />
          </EuiFlexItem>
        </EuiFlexGroup>
      </div>
      <EuiHorizontalRule
        margin="xl"
      />
      <EuiSpacer
        size="s"
      />
      <div
        className="homManageData"
      >
        <EuiTitle
          size="s"
        >
          <h3>
            Manage your data
          </h3>
        </EuiTitle>
        <EuiSpacer />
        <EuiFlexGroup
          className="homManageData__container"
          justifyContent="spaceAround"
          wrap={true}
        />
      </div>
    </main>
  </div>
</div>
`;

exports[`home should render home component 1`] = `
<div
  className="homPageContainer"
>
  <div
    className="homPageHeaderContainer"
  >
    <header
      className="homPageHeader"
    >
      <EuiFlexGroup
        gutterSize="none"
      >
        <EuiFlexItem
          className="homPageHeader__title"
        >
          <EuiTitle
            size="m"
          >
            <h1>
              <FormattedMessage
                defaultMessage="Welcome to {ELASTIC}!"
                id="home.pageHeader.welcomeNoUserTitle"
                values={
                  Object {
                    "ELASTIC": "Elastic",
                  }
                }
              />
            </h1>
          </EuiTitle>
        </EuiFlexItem>
        <EuiFlexItem
          grow={false}
        >
          <EuiFlexGroup
            alignItems="flexEnd"
            className="homPageHeader__menu"
          >
            <EuiFlexItem
              className="homPageHeader__menuItem"
            >
              <EuiButtonEmpty
                href="#/tutorial_directory"
                iconType="plusInCircle"
              >
                Add data
              </EuiButtonEmpty>
            </EuiFlexItem>
          </EuiFlexGroup>
        </EuiFlexItem>
      </EuiFlexGroup>
    </header>
  </div>
  <div
    className="homPageMainContainer"
  >
    <main
      className="homPageMain"
      data-test-subj="homeApp"
    >
      <SolutionsPanel
        addBasePath={[Function]}
        findDirectoryById={[Function]}
      />
      <div
        className="homAddData"
      >
        <EuiFlexGroup
          alignItems="baseline"
          justifyContent="spaceBetween"
          responsive={false}
        >
          <EuiFlexItem
            grow={1}
          >
            <EuiTitle
              size="s"
            >
              <h3>
                Add your data
              </h3>
            </EuiTitle>
          </EuiFlexItem>
        </EuiFlexGroup>
        <EuiSpacer />
        <EuiFlexGroup>
          <EuiFlexItem
            grow={1}
          >
            <EuiFlexGroup
              justifyContent="spaceAround"
            />
          </EuiFlexItem>
        </EuiFlexGroup>
      </div>
      <EuiHorizontalRule
        margin="xl"
      />
      <EuiSpacer
        size="s"
      />
      <div
        className="homManageData"
      >
        <EuiTitle
          size="s"
        >
          <h3>
            Manage your data
          </h3>
        </EuiTitle>
        <EuiSpacer />
        <EuiFlexGroup
          className="homManageData__container"
          justifyContent="spaceAround"
          wrap={true}
        />
      </div>
    </main>
  </div>
</div>
`;

exports[`home welcome should show the normal home page if loading fails 1`] = `
<div
  className="homPageContainer"
>
  <div
    className="homPageHeaderContainer"
  >
    <header
      className="homPageHeader"
    >
      <EuiFlexGroup
        gutterSize="none"
      >
        <EuiFlexItem
          className="homPageHeader__title"
        >
          <EuiTitle
            size="m"
          >
            <h1>
              <FormattedMessage
                defaultMessage="Welcome to {ELASTIC}!"
                id="home.pageHeader.welcomeNoUserTitle"
                values={
                  Object {
                    "ELASTIC": "Elastic",
                  }
                }
              />
            </h1>
          </EuiTitle>
        </EuiFlexItem>
        <EuiFlexItem
          grow={false}
        >
          <EuiFlexGroup
            alignItems="flexEnd"
            className="homPageHeader__menu"
          >
            <EuiFlexItem
              className="homPageHeader__menuItem"
            >
              <EuiButtonEmpty
                href="#/tutorial_directory"
                iconType="plusInCircle"
              >
                Add data
              </EuiButtonEmpty>
            </EuiFlexItem>
          </EuiFlexGroup>
        </EuiFlexItem>
      </EuiFlexGroup>
    </header>
  </div>
  <div
    className="homPageMainContainer"
  >
    <main
      className="homPageMain"
      data-test-subj="homeApp"
    >
      <SolutionsPanel
        addBasePath={[Function]}
        findDirectoryById={[Function]}
      />
      <div
        className="homAddData"
      >
        <EuiFlexGroup
          alignItems="baseline"
          justifyContent="spaceBetween"
          responsive={false}
        >
          <EuiFlexItem
            grow={1}
          >
            <EuiTitle
              size="s"
            >
              <h3>
                Add your data
              </h3>
            </EuiTitle>
          </EuiFlexItem>
        </EuiFlexGroup>
        <EuiSpacer />
        <EuiFlexGroup>
          <EuiFlexItem
            grow={1}
          >
            <EuiFlexGroup
              justifyContent="spaceAround"
            />
          </EuiFlexItem>
        </EuiFlexGroup>
      </div>
      <EuiHorizontalRule
        margin="xl"
      />
      <EuiSpacer
        size="s"
      />
      <div
        className="homManageData"
      >
        <EuiTitle
          size="s"
        >
          <h3>
            Manage your data
          </h3>
        </EuiTitle>
        <EuiSpacer />
        <EuiFlexGroup
          className="homManageData__container"
          justifyContent="spaceAround"
          wrap={true}
        />
      </div>
    </main>
  </div>
</div>
`;

exports[`home welcome should show the normal home page if welcome screen is disabled locally 1`] = `
<div
  className="homPageContainer"
>
  <div
    className="homPageHeaderContainer"
  >
    <header
      className="homPageHeader"
    >
      <EuiFlexGroup
        gutterSize="none"
      >
        <EuiFlexItem
          className="homPageHeader__title"
        >
          <EuiTitle
            size="m"
          >
            <h1>
              <FormattedMessage
                defaultMessage="Welcome to {ELASTIC}!"
                id="home.pageHeader.welcomeNoUserTitle"
                values={
                  Object {
                    "ELASTIC": "Elastic",
                  }
                }
              />
            </h1>
          </EuiTitle>
        </EuiFlexItem>
        <EuiFlexItem
          grow={false}
        >
          <EuiFlexGroup
            alignItems="flexEnd"
            className="homPageHeader__menu"
          >
            <EuiFlexItem
              className="homPageHeader__menuItem"
            >
              <EuiButtonEmpty
                href="#/tutorial_directory"
                iconType="plusInCircle"
              >
                Add data
              </EuiButtonEmpty>
            </EuiFlexItem>
          </EuiFlexGroup>
        </EuiFlexItem>
      </EuiFlexGroup>
    </header>
  </div>
  <div
    className="homPageMainContainer"
  >
    <main
      className="homPageMain"
      data-test-subj="homeApp"
    >
      <SolutionsPanel
        addBasePath={[Function]}
        findDirectoryById={[Function]}
      />
      <div
        className="homAddData"
      >
        <EuiFlexGroup
          alignItems="baseline"
          justifyContent="spaceBetween"
          responsive={false}
        >
          <EuiFlexItem
            grow={1}
          >
            <EuiTitle
              size="s"
            >
              <h3>
                Add your data
              </h3>
            </EuiTitle>
          </EuiFlexItem>
        </EuiFlexGroup>
        <EuiSpacer />
        <EuiFlexGroup>
          <EuiFlexItem
            grow={1}
          >
            <EuiFlexGroup
              justifyContent="spaceAround"
            />
          </EuiFlexItem>
        </EuiFlexGroup>
      </div>
      <EuiHorizontalRule
        margin="xl"
      />
      <EuiSpacer
        size="s"
      />
      <div
        className="homManageData"
      >
        <EuiTitle
          size="s"
        >
          <h3>
            Manage your data
          </h3>
        </EuiTitle>
        <EuiSpacer />
        <EuiFlexGroup
          className="homManageData__container"
          justifyContent="spaceAround"
          wrap={true}
        />
      </div>
    </main>
  </div>
</div>
`;

exports[`home welcome should show the welcome screen if enabled, and there are no index patterns defined 1`] = `
<Welcome
  onSkip={[Function]}
  urlBasePath="goober"
/>
`;

exports[`home welcome stores skip welcome setting if skipped 1`] = `
<div
  className="homPageContainer"
>
  <div
    className="homPageHeaderContainer"
  >
    <header
      className="homPageHeader"
    >
      <EuiFlexGroup
        gutterSize="none"
      >
        <EuiFlexItem
          className="homPageHeader__title"
        >
          <EuiTitle
            size="m"
          >
            <h1>
              <FormattedMessage
                defaultMessage="Welcome to {ELASTIC}!"
                id="home.pageHeader.welcomeNoUserTitle"
                values={
                  Object {
                    "ELASTIC": "Elastic",
                  }
                }
              />
            </h1>
          </EuiTitle>
        </EuiFlexItem>
        <EuiFlexItem
          grow={false}
        >
          <EuiFlexGroup
            alignItems="flexEnd"
            className="homPageHeader__menu"
          >
            <EuiFlexItem
              className="homPageHeader__menuItem"
            >
              <EuiButtonEmpty
                href="#/tutorial_directory"
                iconType="plusInCircle"
              >
                Add data
              </EuiButtonEmpty>
            </EuiFlexItem>
          </EuiFlexGroup>
        </EuiFlexItem>
      </EuiFlexGroup>
    </header>
  </div>
  <div
    className="homPageMainContainer"
  >
    <main
      className="homPageMain"
      data-test-subj="homeApp"
    >
      <SolutionsPanel
        addBasePath={[Function]}
        findDirectoryById={[Function]}
      />
      <div
        className="homAddData"
      >
        <EuiFlexGroup
          alignItems="baseline"
          justifyContent="spaceBetween"
          responsive={false}
        >
          <EuiFlexItem
            grow={1}
          >
            <EuiTitle
              size="s"
            >
              <h3>
                Add your data
              </h3>
            </EuiTitle>
          </EuiFlexItem>
        </EuiFlexGroup>
        <EuiSpacer />
        <EuiFlexGroup>
          <EuiFlexItem
            grow={1}
          >
            <EuiFlexGroup
              justifyContent="spaceAround"
            />
          </EuiFlexItem>
        </EuiFlexGroup>
      </div>
      <EuiHorizontalRule
        margin="xl"
      />
      <EuiSpacer
        size="s"
      />
      <div
        className="homManageData"
      >
        <EuiTitle
          size="s"
        >
          <h3>
            Manage your data
          </h3>
        </EuiTitle>
        <EuiSpacer />
        <EuiFlexGroup
          className="homManageData__container"
          justifyContent="spaceAround"
          wrap={true}
        />
      </div>
    </main>
  </div>
</div>
`;
